  Determining projects to restore...
  All projects are up-to-date for restore.
  VinhKhanhTour.Shared -> D:\Projects\VinhKhanhTour\VinhKhanhTour.Shared\bin\Debug\net8.0\VinhKhanhTour.Shared.dll
D:\Projects\VinhKhanhTour\VinhKhanhTour.CMS\Pages\Audio.razor(57,5): warning RZ10012: Found markup element with unexpected name 'ButtonTemplate'. If this is intended to be a component, add a @using directive for its namespace. [D:\Projects\VinhKhanhTour\VinhKhanhTour.CMS\VinhKhanhTour.CMS.csproj]
D:\Projects\VinhKhanhTour\VinhKhanhTour.CMS\Pages\TourEditor.razor(51,25): warning RZ10012: Found markup element with unexpected name 'ButtonTemplate'. If this is intended to be a component, add a @using directive for its namespace. [D:\Projects\VinhKhanhTour\VinhKhanhTour.CMS\VinhKhanhTour.CMS.csproj]
D:\Projects\VinhKhanhTour\VinhKhanhTour.CMS\Pages\Tours.razor(52,53): error CS1061: 'TourModel' does not contain a definition for 'ImageUrl' and no accessible extension method 'ImageUrl' accepting a first argument of type 'TourModel' could be found (are you missing a using directive or an assembly reference?) [D:\Projects\VinhKhanhTour\VinhKhanhTour.CMS\VinhKhanhTour.CMS.csproj]
D:\Projects\VinhKhanhTour\VinhKhanhTour.CMS\Pages\Tours.razor(54,41): error CS1061: 'TourModel' does not contain a definition for 'ImageUrl' and no accessible extension method 'ImageUrl' accepting a first argument of type 'TourModel' could be found (are you missing a using directive or an assembly reference?) [D:\Projects\VinhKhanhTour\VinhKhanhTour.CMS\VinhKhanhTour.CMS.csproj]
D:\Projects\VinhKhanhTour\VinhKhanhTour.CMS\Pages\TourEditor.razor(45,50): error CS1061: 'TourModel' does not contain a definition for 'ImageUrl' and no accessible extension method 'ImageUrl' accepting a first argument of type 'TourModel' could be found (are you missing a using directive or an assembly reference?) [D:\Projects\VinhKhanhTour\VinhKhanhTour.CMS\VinhKhanhTour.CMS.csproj]
D:\Projects\VinhKhanhTour\VinhKhanhTour.CMS\Pages\TourEditor.razor(47,38): error CS1061: 'TourModel' does not contain a definition for 'ImageUrl' and no accessible extension method 'ImageUrl' accepting a first argument of type 'TourModel' could be found (are you missing a using directive or an assembly reference?) [D:\Projects\VinhKhanhTour\VinhKhanhTour.CMS\VinhKhanhTour.CMS.csproj]
D:\Projects\VinhKhanhTour\VinhKhanhTour.CMS\Pages\TourEditor.razor(56,46): error CS0103: The name 'context' does not exist in the current context [D:\Projects\VinhKhanhTour\VinhKhanhTour.CMS\VinhKhanhTour.CMS.csproj]
D:\Projects\VinhKhanhTour\VinhKhanhTour.CMS\Pages\TourEditor.razor(63,46): error CS1061: 'TourModel' does not contain a definition for 'ImageUrl' and no accessible extension method 'ImageUrl' accepting a first argument of type 'TourModel' could be found (are you missing a using directive or an assembly reference?) [D:\Projects\VinhKhanhTour\VinhKhanhTour.CMS\VinhKhanhTour.CMS.csproj]
D:\Projects\VinhKhanhTour\VinhKhanhTour.CMS\obj\Debug\net8.0\Microsoft.CodeAnalysis.Razor.Compiler\Microsoft.NET.Sdk.Razor.SourceGenerators.RazorSourceGenerator\Pages\TourEditor_razor.g.cs(633,243): error CS1061: 'TourModel' does not contain a definition for 'ImageUrl' and no accessible extension method 'ImageUrl' accepting a first argument of type 'TourModel' could be found (are you missing a using directive or an assembly reference?) [D:\Projects\VinhKhanhTour\VinhKhanhTour.CMS\VinhKhanhTour.CMS.csproj]
D:\Projects\VinhKhanhTour\VinhKhanhTour.CMS\obj\Debug\net8.0\Microsoft.CodeAnalysis.Razor.Compiler\Microsoft.NET.Sdk.Razor.SourceGenerators.RazorSourceGenerator\Pages\TourEditor_razor.g.cs(633,217): error CS1061: 'TourModel' does not contain a definition for 'ImageUrl' and no accessible extension method 'ImageUrl' accepting a first argument of type 'TourModel' could be found (are you missing a using directive or an assembly reference?) [D:\Projects\VinhKhanhTour\VinhKhanhTour.CMS\VinhKhanhTour.CMS.csproj]
D:\Projects\VinhKhanhTour\VinhKhanhTour.CMS\Pages\TourEditor.razor(314,23): error CS1061: 'TourModel' does not contain a definition for 'ImageUrl' and no accessible extension method 'ImageUrl' accepting a first argument of type 'TourModel' could be found (are you missing a using directive or an assembly reference?) [D:\Projects\VinhKhanhTour\VinhKhanhTour.CMS\VinhKhanhTour.CMS.csproj]
D:\Projects\VinhKhanhTour\VinhKhanhTour.CMS\Pages\Pois.razor(391,14): warning CS8602: Dereference of a possibly null reference. [D:\Projects\VinhKhanhTour\VinhKhanhTour.CMS\VinhKhanhTour.CMS.csproj]
D:\Projects\VinhKhanhTour\VinhKhanhTour.CMS\Pages\Pois.razor(409,14): warning CS8602: Dereference of a possibly null reference. [D:\Projects\VinhKhanhTour\VinhKhanhTour.CMS\VinhKhanhTour.CMS.csproj]
D:\Projects\VinhKhanhTour\VinhKhanhTour.CMS\Pages\Audio.razor(1,1): warning MUD0002: Illegal Attribute 'ChildContent' on 'MudFileUpload' using pattern 'LowerCase' source location '(640,32)-(735,34)' (https://mudblazor.com/features/analyzers) [D:\Projects\VinhKhanhTour\VinhKhanhTour.CMS\VinhKhanhTour.CMS.csproj]
D:\Projects\VinhKhanhTour\VinhKhanhTour.CMS\Pages\TourEditor.razor(1,1): warning MUD0002: Illegal Attribute 'ChildContent' on 'MudFileUpload' using pattern 'LowerCase' source location '(524,12)-(603,14)' (https://mudblazor.com/features/analyzers) [D:\Projects\VinhKhanhTour\VinhKhanhTour.CMS\VinhKhanhTour.CMS.csproj]
D:\Projects\VinhKhanhTour\VinhKhanhTour.CMS\Pages\PoiDialog.razor(1,1): warning MUD0002: Illegal Attribute 'Checked' on 'MudSwitch' using pattern 'LowerCase' source location '(914,24)-(922,25)' (https://mudblazor.com/features/analyzers) [D:\Projects\VinhKhanhTour\VinhKhanhTour.CMS\VinhKhanhTour.CMS.csproj]
D:\Projects\VinhKhanhTour\VinhKhanhTour.CMS\Pages\PoiDialog.razor(1,1): warning MUD0002: Illegal Attribute 'CheckedChanged' on 'MudSwitch' using pattern 'LowerCase' source location '(923,24)-(923,235)' (https://mudblazor.com/features/analyzers) [D:\Projects\VinhKhanhTour\VinhKhanhTour.CMS\VinhKhanhTour.CMS.csproj]
D:\Projects\VinhKhanhTour\VinhKhanhTour.CMS\Pages\Pois.razor(1,1): warning MUD0002: Illegal Attribute 'Title' on 'MudIconButton' using pattern 'LowerCase' source location '(2422,20)-(2422,88)' (https://mudblazor.com/features/analyzers) [D:\Projects\VinhKhanhTour\VinhKhanhTour.CMS\VinhKhanhTour.CMS.csproj]

Build FAILED.

D:\Projects\VinhKhanhTour\VinhKhanhTour.CMS\Pages\Audio.razor(57,5): warning RZ10012: Found markup element with unexpected name 'ButtonTemplate'. If this is intended to be a component, add a @using directive for its namespace. [D:\Projects\VinhKhanhTour\VinhKhanhTour.CMS\VinhKhanhTour.CMS.csproj]
D:\Projects\VinhKhanhTour\VinhKhanhTour.CMS\Pages\TourEditor.razor(51,25): warning RZ10012: Found markup element with unexpected name 'ButtonTemplate'. If this is intended to be a component, add a @using directive for its namespace. [D:\Projects\VinhKhanhTour\VinhKhanhTour.CMS\VinhKhanhTour.CMS.csproj]
D:\Projects\VinhKhanhTour\VinhKhanhTour.CMS\Pages\Pois.razor(391,14): warning CS8602: Dereference of a possibly null reference. [D:\Projects\VinhKhanhTour\VinhKhanhTour.CMS\VinhKhanhTour.CMS.csproj]
D:\Projects\VinhKhanhTour\VinhKhanhTour.CMS\Pages\Pois.razor(409,14): warning CS8602: Dereference of a possibly null reference. [D:\Projects\VinhKhanhTour\VinhKhanhTour.CMS\VinhKhanhTour.CMS.csproj]
D:\Projects\VinhKhanhTour\VinhKhanhTour.CMS\Pages\Audio.razor(1,1): warning MUD0002: Illegal Attribute 'ChildContent' on 'MudFileUpload' using pattern 'LowerCase' source location '(640,32)-(735,34)' (https://mudblazor.com/features/analyzers) [D:\Projects\VinhKhanhTour\VinhKhanhTour.CMS\VinhKhanhTour.CMS.csproj]
D:\Projects\VinhKhanhTour\VinhKhanhTour.CMS\Pages\TourEditor.razor(1,1): warning MUD0002: Illegal Attribute 'ChildContent' on 'MudFileUpload' using pattern 'LowerCase' source location '(524,12)-(603,14)' (https://mudblazor.com/features/analyzers) [D:\Projects\VinhKhanhTour\VinhKhanhTour.CMS\VinhKhanhTour.CMS.csproj]
D:\Projects\VinhKhanhTour\VinhKhanhTour.CMS\Pages\PoiDialog.razor(1,1): warning MUD0002: Illegal Attribute 'Checked' on 'MudSwitch' using pattern 'LowerCase' source location '(914,24)-(922,25)' (https://mudblazor.com/features/analyzers) [D:\Projects\VinhKhanhTour\VinhKhanhTour.CMS\VinhKhanhTour.CMS.csproj]
D:\Projects\VinhKhanhTour\VinhKhanhTour.CMS\Pages\PoiDialog.razor(1,1): warning MUD0002: Illegal Attribute 'CheckedChanged' on 'MudSwitch' using pattern 'LowerCase' source location '(923,24)-(923,235)' (https://mudblazor.com/features/analyzers) [D:\Projects\VinhKhanhTour\VinhKhanhTour.CMS\VinhKhanhTour.CMS.csproj]
D:\Projects\VinhKhanhTour\VinhKhanhTour.CMS\Pages\Pois.razor(1,1): warning MUD0002: Illegal Attribute 'Title' on 'MudIconButton' using pattern 'LowerCase' source location '(2422,20)-(2422,88)' (https://mudblazor.com/features/analyzers) [D:\Projects\VinhKhanhTour\VinhKhanhTour.CMS\VinhKhanhTour.CMS.csproj]
D:\Projects\VinhKhanhTour\VinhKhanhTour.CMS\Pages\Tours.razor(52,53): error CS1061: 'TourModel' does not contain a definition for 'ImageUrl' and no accessible extension method 'ImageUrl' accepting a first argument of type 'TourModel' could be found (are you missing a using directive or an assembly reference?) [D:\Projects\VinhKhanhTour\VinhKhanhTour.CMS\VinhKhanhTour.CMS.csproj]
D:\Projects\VinhKhanhTour\VinhKhanhTour.CMS\Pages\Tours.razor(54,41): error CS1061: 'TourModel' does not contain a definition for 'ImageUrl' and no accessible extension method 'ImageUrl' accepting a first argument of type 'TourModel' could be found (are you missing a using directive or an assembly reference?) [D:\Projects\VinhKhanhTour\VinhKhanhTour.CMS\VinhKhanhTour.CMS.csproj]
D:\Projects\VinhKhanhTour\VinhKhanhTour.CMS\Pages\TourEditor.razor(45,50): error CS1061: 'TourModel' does not contain a definition for 'ImageUrl' and no accessible extension method 'ImageUrl' accepting a first argument of type 'TourModel' could be found (are you missing a using directive or an assembly reference?) [D:\Projects\VinhKhanhTour\VinhKhanhTour.CMS\VinhKhanhTour.CMS.csproj]
D:\Projects\VinhKhanhTour\VinhKhanhTour.CMS\Pages\TourEditor.razor(47,38): error CS1061: 'TourModel' does not contain a definition for 'ImageUrl' and no accessible extension method 'ImageUrl' accepting a first argument of type 'TourModel' could be found (are you missing a using directive or an assembly reference?) [D:\Projects\VinhKhanhTour\VinhKhanhTour.CMS\VinhKhanhTour.CMS.csproj]
D:\Projects\VinhKhanhTour\VinhKhanhTour.CMS\Pages\TourEditor.razor(56,46): error CS0103: The name 'context' does not exist in the current context [D:\Projects\VinhKhanhTour\VinhKhanhTour.CMS\VinhKhanhTour.CMS.csproj]
D:\Projects\VinhKhanhTour\VinhKhanhTour.CMS\Pages\TourEditor.razor(63,46): error CS1061: 'TourModel' does not contain a definition for 'ImageUrl' and no accessible extension method 'ImageUrl' accepting a first argument of type 'TourModel' could be found (are you missing a using directive or an assembly reference?) [D:\Projects\VinhKhanhTour\VinhKhanhTour.CMS\VinhKhanhTour.CMS.csproj]
D:\Projects\VinhKhanhTour\VinhKhanhTour.CMS\obj\Debug\net8.0\Microsoft.CodeAnalysis.Razor.Compiler\Microsoft.NET.Sdk.Razor.SourceGenerators.RazorSourceGenerator\Pages\TourEditor_razor.g.cs(633,243): error CS1061: 'TourModel' does not contain a definition for 'ImageUrl' and no accessible extension method 'ImageUrl' accepting a first argument of type 'TourModel' could be found (are you missing a using directive or an assembly reference?) [D:\Projects\VinhKhanhTour\VinhKhanhTour.CMS\VinhKhanhTour.CMS.csproj]
D:\Projects\VinhKhanhTour\VinhKhanhTour.CMS\obj\Debug\net8.0\Microsoft.CodeAnalysis.Razor.Compiler\Microsoft.NET.Sdk.Razor.SourceGenerators.RazorSourceGenerator\Pages\TourEditor_razor.g.cs(633,217): error CS1061: 'TourModel' does not contain a definition for 'ImageUrl' and no accessible extension method 'ImageUrl' accepting a first argument of type 'TourModel' could be found (are you missing a using directive or an assembly reference?) [D:\Projects\VinhKhanhTour\VinhKhanhTour.CMS\VinhKhanhTour.CMS.csproj]
D:\Projects\VinhKhanhTour\VinhKhanhTour.CMS\Pages\TourEditor.razor(314,23): error CS1061: 'TourModel' does not contain a definition for 'ImageUrl' and no accessible extension method 'ImageUrl' accepting a first argument of type 'TourModel' could be found (are you missing a using directive or an assembly reference?) [D:\Projects\VinhKhanhTour\VinhKhanhTour.CMS\VinhKhanhTour.CMS.csproj]
    9 Warning(s)
    9 Error(s)

Time Elapsed 00:00:01.72
