  Determining projects to restore...
  All projects are up-to-date for restore.
D:\Projects\VinhKhanhTour\VinhKhanhTour.Shared\Models\PoiModel.cs(23,12): error CS0103: The name 'Content' does not exist in the current context [D:\Projects\VinhKhanhTour\VinhKhanhTour.Shared\VinhKhanhTour.Shared.csproj]
D:\Projects\VinhKhanhTour\VinhKhanhTour.Shared\Models\PoiModel.cs(24,12): error CS0103: The name 'Content' does not exist in the current context [D:\Projects\VinhKhanhTour\VinhKhanhTour.Shared\VinhKhanhTour.Shared.csproj]

Build FAILED.

D:\Projects\VinhKhanhTour\VinhKhanhTour.Shared\Models\PoiModel.cs(23,12): error CS0103: The name 'Content' does not exist in the current context [D:\Projects\VinhKhanhTour\VinhKhanhTour.Shared\VinhKhanhTour.Shared.csproj]
D:\Projects\VinhKhanhTour\VinhKhanhTour.Shared\Models\PoiModel.cs(24,12): error CS0103: The name 'Content' does not exist in the current context [D:\Projects\VinhKhanhTour\VinhKhanhTour.Shared\VinhKhanhTour.Shared.csproj]
    0 Warning(s)
    2 Error(s)

Time Elapsed 00:00:01.15
